Archive member included to satisfy reference by file (symbol)

C:/ST/STM32CubeIDE_2.1.1/STM32CubeIDE/plugins/com.st.stm32cube.ide.mcu.externaltools.gnu-tools-for-stm32.14.3.rel1.win32_1.0.100.202602081740/tools/bin/../lib/gcc/arm-none-eabi/14.3.1/../../../../arm-none-eabi/lib/thumb/v6-m/nofp\libc_nano.a(libc_a-exit.o)
                              C:/ST/STM32CubeIDE_2.1.1/STM32CubeIDE/plugins/com.st.stm32cube.ide.mcu.externaltools.gnu-tools-for-stm32.14.3.rel1.win32_1.0.100.202602081740/tools/bin/../lib/gcc/arm-none-eabi/14.3.1/../../../../arm-none-eabi/lib/thumb/v6-m/nofp/crt0.o (exit)
C:/ST/STM32CubeIDE_2.1.1/STM32CubeIDE/plugins/com.st.stm32cube.ide.mcu.externaltools.gnu-tools-for-stm32.14.3.rel1.win32_1.0.100.202602081740/tools/bin/../lib/gcc/arm-none-eabi/14.3.1/../../../../arm-none-eabi/lib/thumb/v6-m/nofp\libc_nano.a(libc_a-findfp.o)
                              C:/ST/STM32CubeIDE_2.1.1/STM32CubeIDE/plugins/com.st.stm32cube.ide.mcu.externaltools.gnu-tools-for-stm32.14.3.rel1.win32_1.0.100.202602081740/tools/bin/../lib/gcc/arm-none-eabi/14.3.1/../../../../arm-none-eabi/lib/thumb/v6-m/nofp\libc_nano.a(libc_a-exit.o) (__stdio_exit_handler)
C:/ST/STM32CubeIDE_2.1.1/STM32CubeIDE/plugins/com.st.stm32cube.ide.mcu.externaltools.gnu-tools-for-stm32.14.3.rel1.win32_1.0.100.202602081740/tools/bin/../lib/gcc/arm-none-eabi/14.3.1/../../../../arm-none-eabi/lib/thumb/v6-m/nofp\libc_nano.a(libc_a-fwalk.o)
                              C:/ST/STM32CubeIDE_2.1.1/STM32CubeIDE/plugins/com.st.stm32cube.ide.mcu.externaltools.gnu-tools-for-stm32.14.3.rel1.win32_1.0.100.202602081740/tools/bin/../lib/gcc/arm-none-eabi/14.3.1/../../../../arm-none-eabi/lib/thumb/v6-m/nofp\libc_nano.a(libc_a-findfp.o) (_fwalk_sglue)
C:/ST/STM32CubeIDE_2.1.1/STM32CubeIDE/plugins/com.st.stm32cube.ide.mcu.externaltools.gnu-tools-for-stm32.14.3.rel1.win32_1.0.100.202602081740/tools/bin/../lib/gcc/arm-none-eabi/14.3.1/../../../../arm-none-eabi/lib/thumb/v6-m/nofp\libc_nano.a(libc_a-stdio.o)
                              C:/ST/STM32CubeIDE_2.1.1/STM32CubeIDE/plugins/com.st.stm32cube.ide.mcu.externaltools.gnu-tools-for-stm32.14.3.rel1.win32_1.0.100.202602081740/tools/bin/../lib/gcc/arm-none-eabi/14.3.1/../../../../arm-none-eabi/lib/thumb/v6-m/nofp\libc_nano.a(libc_a-findfp.o) (__sread)
C:/ST/STM32CubeIDE_2.1.1/STM32CubeIDE/plugins/com.st.stm32cube.ide.mcu.externaltools.gnu-tools-for-stm32.14.3.rel1.win32_1.0.100.202602081740/tools/bin/../lib/gcc/arm-none-eabi/14.3.1/../../../../arm-none-eabi/lib/thumb/v6-m/nofp\libc_nano.a(libc_a-memset.o)
                              C:/ST/STM32CubeIDE_2.1.1/STM32CubeIDE/plugins/com.st.stm32cube.ide.mcu.externaltools.gnu-tools-for-stm32.14.3.rel1.win32_1.0.100.202602081740/tools/bin/../lib/gcc/arm-none-eabi/14.3.1/../../../../arm-none-eabi/lib/thumb/v6-m/nofp/crt0.o (memset)
C:/ST/STM32CubeIDE_2.1.1/STM32CubeIDE/plugins/com.st.stm32cube.ide.mcu.externaltools.gnu-tools-for-stm32.14.3.rel1.win32_1.0.100.202602081740/tools/bin/../lib/gcc/arm-none-eabi/14.3.1/../../../../arm-none-eabi/lib/thumb/v6-m/nofp\libc_nano.a(libc_a-closer.o)
                              C:/ST/STM32CubeIDE_2.1.1/STM32CubeIDE/plugins/com.st.stm32cube.ide.mcu.externaltools.gnu-tools-for-stm32.14.3.rel1.win32_1.0.100.202602081740/tools/bin/../lib/gcc/arm-none-eabi/14.3.1/../../../../arm-none-eabi/lib/thumb/v6-m/nofp\libc_nano.a(libc_a-stdio.o) (_close_r)
C:/ST/STM32CubeIDE_2.1.1/STM32CubeIDE/plugins/com.st.stm32cube.ide.mcu.externaltools.gnu-tools-for-stm32.14.3.rel1.win32_1.0.100.202602081740/tools/bin/../lib/gcc/arm-none-eabi/14.3.1/../../../../arm-none-eabi/lib/thumb/v6-m/nofp\libc_nano.a(libc_a-reent.o)
                              C:/ST/STM32CubeIDE_2.1.1/STM32CubeIDE/plugins/com.st.stm32cube.ide.mcu.externaltools.gnu-tools-for-stm32.14.3.rel1.win32_1.0.100.202602081740/tools/bin/../lib/gcc/arm-none-eabi/14.3.1/../../../../arm-none-eabi/lib/thumb/v6-m/nofp\libc_nano.a(libc_a-closer.o) (errno)
C:/ST/STM32CubeIDE_2.1.1/STM32CubeIDE/plugins/com.st.stm32cube.ide.mcu.externaltools.gnu-tools-for-stm32.14.3.rel1.win32_1.0.100.202602081740/tools/bin/../lib/gcc/arm-none-eabi/14.3.1/../../../../arm-none-eabi/lib/thumb/v6-m/nofp\libc_nano.a(libc_a-impure.o)
                              C:/ST/STM32CubeIDE_2.1.1/STM32CubeIDE/plugins/com.st.stm32cube.ide.mcu.externaltools.gnu-tools-for-stm32.14.3.rel1.win32_1.0.100.202602081740/tools/bin/../lib/gcc/arm-none-eabi/14.3.1/../../../../arm-none-eabi/lib/thumb/v6-m/nofp\libc_nano.a(libc_a-reent.o) (_impure_ptr)
C:/ST/STM32CubeIDE_2.1.1/STM32CubeIDE/plugins/com.st.stm32cube.ide.mcu.externaltools.gnu-tools-for-stm32.14.3.rel1.win32_1.0.100.202602081740/tools/bin/../lib/gcc/arm-none-eabi/14.3.1/../../../../arm-none-eabi/lib/thumb/v6-m/nofp\libc_nano.a(libc_a-lseekr.o)
[...]
Memory Configuration

Name             Origin             Length             Attributes
RAM              0x20000000         0x00002000         xrw
FLASH            0x08000000         0x00010000         xr
*default*        0x00000000         0xffffffff

Linker script and memory map

LOAD C:/ST/STM32CubeIDE_2.1.1/STM32CubeIDE/plugins/com.st.stm32cube.ide.mcu.externaltools.gnu-tools-for-stm32.14.3.rel1.win32_1.0.100.202602081740/tools/bin/../lib/gcc/arm-none-eabi/14.3.1/thumb/v6-m/nofp/crti.o
LOAD C:/ST/STM32CubeIDE_2.1.1/STM32CubeIDE/plugins/com.st.stm32cube.ide.mcu.externaltools.gnu-tools-for-stm32.14.3.rel1.win32_1.0.100.202602081740/tools/bin/../lib/gcc/arm-none-eabi/14.3.1/thumb/v6-m/nofp/crtbegin.o
LOAD C:/ST/STM32CubeIDE_2.1.1/STM32CubeIDE/plugins/com.st.stm32cube.ide.mcu.externaltools.gnu-tools-for-stm32.14.3.rel1.win32_1.0.100.202602081740/tools/bin/../lib/gcc/arm-none-eabi/14.3.1/../../../../arm-none-eabi/lib/thumb/v6-m/nofp/crt0.o
LOAD ./Core/Src/bme68x.o
LOAD ./Core/Src/bme_interface.o
LOAD ./Core/Src/gpio.o
LOAD ./Core/Src/i2c.o
LOAD ./Core/Src/main.o
LOAD ./Core/Src/stm32f0xx_hal_msp.o
LOAD ./Core/Src/stm32f0xx_it.o
LOAD ./Core/Src/syscalls.o
LOAD ./Core/Src/sysmem.o
LOAD ./Core/Src/system_stm32f0xx.o
LOAD ./Core/Src/usart.o
LOAD ./Core/Startup/startup_stm32f030r8tx.o
LOAD ./Drivers/STM32F0xx_HAL_Driver/Src/stm32f0xx_hal.o
LOAD ./Drivers/STM32F0xx_HAL_Driver/Src/stm32f0xx_hal_cortex.o
LOAD ./Drivers/STM32F0xx_HAL_Driver/Src/stm32f0xx_hal_dma.o
LOAD ./Drivers/STM32F0xx_HAL_Driver/Src/stm32f0xx_hal_exti.o
LOAD ./Drivers/STM32F0xx_HAL_Driver/Src/stm32f0xx_hal_flash.o
LOAD ./Drivers/STM32F0xx_HAL_Driver/Src/stm32f0xx_hal_flash_ex.o
LOAD ./Drivers/STM32F0xx_HAL_Driver/Src/stm32f0xx_hal_gpio.o
LOAD ./Drivers/STM32F0xx_HAL_Driver/Src/stm32f0xx_hal_i2c.o
LOAD ./Drivers/STM32F0xx_HAL_Driver/Src/stm32f0xx_hal_i2c_ex.o
LOAD ./Drivers/STM32F0xx_HAL_Driver/Src/stm32f0xx_hal_pwr.o
LOAD ./Drivers/STM32F0xx_HAL_Driver/Src/stm32f0xx_hal_pwr_ex.o
LOAD ./Drivers/STM32F0xx_HAL_Driver/Src/stm32f0xx_hal_rcc.o
LOAD ./Drivers/STM32F0xx_HAL_Driver/Src/stm32f0xx_hal_rcc_ex.o
LOAD ./Drivers/STM32F0xx_HAL_Driver/Src/stm32f0xx_hal_uart.o
LOAD ./Drivers/STM32F0xx_HAL_Driver/Src/stm32f0xx_hal_uart_ex.o
START GROUP
LOAD C:/ST/STM32CubeIDE_2.1.1/STM32CubeIDE/plugins/com.st.stm32cube.ide.mcu.externaltools.gnu-tools-for-stm32.14.3.rel1.win32_1.0.100.202602081740/tools/bin/../lib/gcc/arm-none-eabi/14.3.1/../../../../arm-none-eabi/lib/thumb/v6-m/nofp\libc_nano.a
LOAD C:/ST/STM32CubeIDE_2.1.1/STM32CubeIDE/plugins/com.st.stm32cube.ide.mcu.externaltools.gnu-tools-for-stm32.14.3.rel1.win32_1.0.100.202602081740/tools/bin/../lib/gcc/arm-none-eabi/14.3.1/../../../../arm-none-eabi/lib/thumb/v6-m/nofp\libm.a
END GROUP
START GROUP
LOAD C:/ST/STM32CubeIDE_2.1.1/STM32CubeIDE/plugins/com.st.stm32cube.ide.mcu.externaltools.gnu-tools-for-stm32.14.3.rel1.win32_1.0.100.202602081740/tools/bin/../lib/gcc/arm-none-eabi/14.3.1/thumb/v6-m/nofp\libgcc.a
LOAD C:/ST/STM32CubeIDE_2.1.1/STM32CubeIDE/plugins/com.st.stm32cube.ide.mcu.externaltools.gnu-tools-for-stm32.14.3.rel1.win32_1.0.100.202602081740/tools/bin/../lib/gcc/arm-none-eabi/14.3.1/../../../../arm-none-eabi/lib/thumb/v6-m/nofp\libc_nano.a
END GROUP
START GROUP
LOAD C:/ST/STM32CubeIDE_2.1.1/STM32CubeIDE/plugins/com.st.stm32cube.ide.mcu.externaltools.gnu-tools-for-stm32.14.3.rel1.win32_1.0.100.202602081740/tools/bin/../lib/gcc/arm-none-eabi/14.3.1/thumb/v6-m/nofp\libgcc.a
LOAD C:/ST/STM32CubeIDE_2.1.1/STM32CubeIDE/plugins/com.st.stm32cube.ide.mcu.externaltools.gnu-tools-for-stm32.14.3.rel1.win32_1.0.100.202602081740/tools/bin/../lib/gcc/arm-none-eabi/14.3.1/../../../../arm-none-eabi/lib/thumb/v6-m/nofp\libc_nano.a
LOAD C:/ST/STM32CubeIDE_2.1.1/STM32CubeIDE/plugins/com.st.stm32cube.ide.mcu.externaltools.gnu-tools-for-stm32.14.3.rel1.win32_1.0.100.202602081740/tools/bin/../lib/gcc/arm-none-eabi/14.3.1/../../../../arm-none-eabi/lib/thumb/v6-m/nofp\libnosys.a
END GROUP
START GROUP
LOAD C:/ST/STM32CubeIDE_2.1.1/STM32CubeIDE/plugins/com.st.stm32cube.ide.mcu.externaltools.gnu-tools-for-stm32.14.3.rel1.win32_1.0.100.202602081740/tools/bin/../lib/gcc/arm-none-eabi/14.3.1/thumb/v6-m/nofp\libgcc.a
LOAD C:/ST/STM32CubeIDE_2.1.1/STM32CubeIDE/plugins/com.st.stm32cube.ide.mcu.externaltools.gnu-tools-for-stm32.14.3.rel1.win32_1.0.100.202602081740/tools/bin/../lib/gcc/arm-none-eabi/14.3.1/../../../../arm-none-eabi/lib/thumb/v6-m/nofp\libc_nano.a
LOAD C:/ST/STM32CubeIDE_2.1.1/STM32CubeIDE/plugins/com.st.stm32cube.ide.mcu.externaltools.gnu-tools-for-stm32.14.3.rel1.win32_1.0.100.202602081740/tools/bin/../lib/gcc/arm-none-eabi/14.3.1/../../../../arm-none-eabi/lib/thumb/v6-m/nofp\libnosys.a
END GROUP
LOAD C:/ST/STM32CubeIDE_2.1.1/STM32CubeIDE/plugins/com.st.stm32cube.ide.mcu.externaltools.gnu-tools-for-stm32.14.3.rel1.win32_1.0.100.202602081740/tools/bin/../lib/gcc/arm-none-eabi/14.3.1/thumb/v6-m/nofp/crtend.o
LOAD C:/ST/STM32CubeIDE_2.1.1/STM32CubeIDE/plugins/com.st.stm32cube.ide.mcu.externaltools.gnu-tools-for-stm32.14.3.rel1.win32_1.0.100.202602081740/tools/bin/../lib/gcc/arm-none-eabi/14.3.1/thumb/v6-m/nofp/crtn.o
                0x20002000                        _estack = (ORIGIN (RAM) + LENGTH (RAM))
                0x00000200                        _Min_Heap_Size = 0x200
                0x00000400                        _Min_Stack_Size = 0x400

.isr_vector     0x08000000       0xc0
                0x08000000                        . = ALIGN (0x4)
 *(.isr_vector)
 .isr_vector    0x08000000       0xc0 ./Core/Startup/startup_stm32f030r8tx.o
                0x08000000                g_pfnVectors
                0x080000c0                        . = ALIGN (0x4)

.text           0x080000c0     0x6444
                0x080000c0                        . = ALIGN (0x4)
 *(.text)
 .text          0x080000c0       0x48 C:/ST/STM32CubeIDE_2.1.1/STM32CubeIDE/plugins/com.st.stm32cube.ide.mcu.externaltools.gnu-tools-for-stm32.14.3.rel1.win32_1.0.100.202602081740/tools/bin/../lib/gcc/arm-none-eabi/14.3.1/thumb/v6-m/nofp/crtbegin.o
 .text          0x08000108        0xe C:/ST/STM32CubeIDE_2.1.1/STM32CubeIDE/plugins/com.st.stm32cube.ide.mcu.externaltools.gnu-tools-for-stm32.14.3.rel1.win32_1.0.100.202602081740/tools/bin/../lib/gcc/arm-none-eabi/14.3.1/../../../../arm-none-eabi/lib/thumb/v6-m/nofp\libc_nano.a(libc_a-strlen.o)
                0x08000108                strlen
 *fill*         0x08000116        0x2 
 .text          0x08000118      0x114 C:/ST/STM32CubeIDE_2.1.1/STM32CubeIDE/plugins/com.st.stm32cube.ide.mcu.externaltools.gnu-tools-for-stm32.14.3.rel1.win32_1.0.100.202602081740/tools/bin/../lib/gcc/arm-none-eabi/14.3.1/thumb/v6-m/nofp\libgcc.a(_udivsi3.o)
                0x08000118                __aeabi_uidiv
                0x08000118                __udivsi3
                0x08000224                __aeabi_uidivmod
 .text          0x0800022c        0x4 C:/ST/STM32CubeIDE_2.1.1/STM32CubeIDE/plugins/com.st.stm32cube.ide.mcu.externaltools.gnu-tools-for-stm32.14.3.rel1.win32_1.0.100.202602081740/tools/bin/../lib/gcc/arm-none-eabi/14.3.1/thumb/v6-m/nofp\libgcc.a(_dvmd_tls.o)
                0x0800022c                __aeabi_idiv0
                0x0800022c                __aeabi_ldiv0
 .text          0x08000230       0x74 C:/ST/STM32CubeIDE_2.1.1/STM32CubeIDE/plugins/com.st.stm32cube.ide.mcu.externaltools.gnu-tools-for-stm32.14.3.rel1.win32_1.0.100.202602081740/tools/bin/../lib/gcc/arm-none-eabi/14.3.1/thumb/v6-m/nofp\libgcc.a(_arm_cmpsf2.o)
                0x08000230                __aeabi_cfrcmple
                0x08000238                __aeabi_cfcmpeq
                0x08000238                __aeabi_cfcmple
                0x08000248                __aeabi_fcmpeq
                0x08000254                __aeabi_fcmplt
                0x08000268                __aeabi_fcmple
                0x0800027c                __aeabi_fcmpgt
                0x08000290                __aeabi_fcmpge
 .text          0x080002a4       0x30 C:/ST/STM32CubeIDE_2.1.1/STM32CubeIDE/plugins/com.st.stm32cube.ide.mcu.externaltools.gnu-tools-for-stm32.14.3.rel1.win32_1.0.100.202602081740/tools/bin/../lib/gcc/arm-none-eabi/14.3.1/thumb/v6-m/nofp\libgcc.a(_fixunssfsi.o)
                0x080002a4                __fixunssfsi
                0x080002a4                __aeabi_f2uiz
 .text          0x080002d4      0x41c C:/ST/STM32CubeIDE_2.1.1/STM32CubeIDE/plugins/com.st.stm32cube.ide.mcu.externaltools.gnu-tools-for-stm32.14.3.rel1.win32_1.0.100.202602081740/tools/bin/../lib/gcc/arm-none-eabi/14.3.1/thumb/v6-m/nofp\libgcc.a(addsf3.o)
                0x080002d4                __aeabi_fadd
 .text          0x080006f0      0x22c C:/ST/STM32CubeIDE_2.1.1/STM32CubeIDE/plugins/com.st.stm32cube.ide.mcu.externaltools.gnu-tools-for-stm32.14.3.rel1.win32_1.0.100.202602081740/tools/bin/../lib/gcc/arm-none-eabi/14.3.1/thumb/v6-m/nofp\libgcc.a(divsf3.o)
                0x080006f0                __aeabi_fdiv
 .text          0x0800091c       0x50 C:/ST/STM32CubeIDE_2.1.1/STM32CubeIDE/plugins/com.st.stm32cube.ide.mcu.externaltools.gnu-tools-for-stm32.14.3.rel1.win32_1.0.100.202602081740/tools/bin/../lib/gcc/arm-none-eabi/14.3.1/thumb/v6-m/nofp\libgcc.a(eqsf2.o)
                0x0800091c                __eqsf2
                0x0800091c                __nesf2
 .text          0x0800096c       0x90 C:/ST/STM32CubeIDE_2.1.1/STM32CubeIDE/plugins/com.st.stm32cube.ide.mcu.externaltools.gnu-tools-for-stm32.14.3.rel1.win32_1.0.100.202602081740/tools/bin/../lib/gcc/arm-none-eabi/14.3.1/thumb/v6-m/nofp\libgcc.a(gesf2.o)
                0x0800096c                __gesf2
                0x0800096c                __gtsf2
 .text          0x080009fc       0x90 C:/ST/STM32CubeIDE_2.1.1/STM32CubeIDE/plugins/com.st.stm32cube.ide.mcu.externaltools.gnu-tools-for-stm32.14.3.rel1.win32_1.0.100.202602081740/tools/bin/../lib/gcc/arm-none-eabi/14.3.1/thumb/v6-m/nofp\libgcc.a(lesf2.o)
                0x080009fc                __ltsf2
                0x080009fc                __lesf2
 .text          0x08000a8c      0x2a4 C:/ST/STM32CubeIDE_2.1.1/STM32CubeIDE/plugins/com.st.stm32cube.ide.mcu.externaltools.gnu-tools-for-stm32.14.3.rel1.win32_1.0.100.202602081740/tools/bin/../lib/gcc/arm-none-eabi/14.3.1/thumb/v6-m/nofp\libgcc.a(mulsf3.o)
                0x08000a8c                __aeabi_fmul
 .text          0x08000d30      0x484 C:/ST/STM32CubeIDE_2.1.1/STM32CubeIDE/plugins/com.st.stm32cube.ide.mcu.externaltools.gnu-tools-for-stm32.14.3.rel1.win32_1.0.100.202602081740/tools/bin/../lib/gcc/arm-none-eabi/14.3.1/thumb/v6-m/nofp\libgcc.a(subsf3.o)
                0x08000d30                __aeabi_fsub
 .text          0x080011b4       0x40 C:/ST/STM32CubeIDE_2.1.1/STM32CubeIDE/plugins/com.st.stm32cube.ide.mcu.externaltools.gnu-tools-for-stm32.14.3.rel1.win32_1.0.100.202602081740/tools/bin/../lib/gcc/arm-none-eabi/14.3.1/thumb/v6-m/nofp\libgcc.a(fixsfsi.o)
                0x080011b4                __aeabi_f2iz
 .text          0x080011f4       0xa0 C:/ST/STM32CubeIDE_2.1.1/STM32CubeIDE/plugins/com.st.stm32cube.ide.mcu.externaltools.gnu-tools-for-stm32.14.3.rel1.win32_1.0.100.202602081740/tools/bin/../lib/gcc/arm-none-eabi/14.3.1/thumb/v6-m/nofp\libgcc.a(floatsisf.o)
                0x080011f4                __aeabi_i2f
 .text          0x08001294       0x8c C:/ST/STM32CubeIDE_2.1.1/STM32CubeIDE/plugins/com.st.stm32cube.ide.mcu.externaltools.gnu-tools-for-stm32.14.3.rel1.win32_1.0.100.202602081740/tools/bin/../lib/gcc/arm-none-eabi/14.3.1/thumb/v6-m/nofp\libgcc.a(floatunsisf.o)
                0x08001294                __aeabi_ui2f
 .text          0x08001320       0x3c C:/ST/STM32CubeIDE_2.1.1/STM32CubeIDE/plugins/com.st.stm32cube.ide.mcu.externaltools.gnu-tools-for-stm32.14.3.rel1.win32_1.0.100.202602081740/tools/bin/../lib/gcc/arm-none-eabi/14.3.1/thumb/v6-m/nofp\libgcc.a(_clzsi2.o)
                0x08001320                __clzsi2
 *(.text*)
 .text.bme68x_init
                0x0800135c       0x76 ./Core/Src/bme68x.o
                0x0800135c                bme68x_init
 .text.bme68x_set_regs
                0x080013d2      0x15a ./Core/Src/bme68x.o
                0x080013d2                bme68x_set_regs
 .text.bme68x_get_regs
                0x0800152c       0xb4 ./Core/Src/bme68x.o
                0x0800152c                bme68x_get_regs
 .text.bme68x_soft_reset
                0x080015e0       0xb0 ./Core/Src/bme68x.o
                0x080015e0                bme68x_soft_reset
 .text.bme68x_set_conf
                0x08001690      0x2a0 ./Core/Src/bme68x.o
                0x08001690                bme68x_set_conf
 .text.bme68x_set_op_mode
                0x08001930      0x100 ./Core/Src/bme68x.o
                0x08001930                bme68x_set_op_mode
 .text.bme68x_get_op_mode
                0x08001a30       0x4e ./Core/Src/bme68x.o
                0x08001a30                bme68x_get_op_mode
 .text.bme68x_get_data
                0x08001a7e      0x262 ./Core/Src/bme68x.o
                0x08001a7e                bme68x_get_data
 .text.bme68x_set_heatr_conf
                0x08001ce0      0x178 ./Core/Src/bme68x.o
                0x08001ce0                bme68x_set_heatr_conf
 .text.calc_temperature
                0x08001e58      0x130 ./Core/Src/bme68x.o
 .text.calc_pressure
                0x08001f88      0x2c0 ./Core/Src/bme68x.o
 .text.calc_humidity
                0x08002248      0x1b8 ./Core/Src/bme68x.o
 .text.calc_gas_resistance_low
                0x08002400      0x168 ./Core/Src/bme68x.o
 .text.calc_gas_resistance_high
                0x08002568       0x7c ./Core/Src/bme68x.o
 .text.calc_res_heat
                0x080025e4      0x198 ./Core/Src/bme68x.o
 .text.calc_gas_wait
                0x0800277c       0x6e ./Core/Src/bme68x.o
 *fill*         0x080027ea        0x2 
 .text.read_field_data
                0x080027ec      0x300 ./Core/Src/bme68x.o
 .text.read_all_field_data
                0x08002aec      0x426 ./Core/Src/bme68x.o
 .text.set_mem_page
                0x08002f12       0xfa ./Core/Src/bme68x.o
 .text.get_mem_page
                0x0800300c       0x70 ./Core/Src/bme68x.o
 .text.boundary_check
                0x0800307c       0x72 ./Core/Src/bme68x.o
 .text.null_ptr_check
                0x080030ee       0x46 ./Core/Src/bme68x.o
 .text.set_conf
                0x08003134      0x2fa ./Core/Src/bme68x.o
 *fill*         0x0800342e        0x2 
 .text.calc_heatr_dur_shared
                0x08003430       0x98 ./Core/Src/bme68x.o
 .text.sort_sensor_data
                0x080034c8       0xda ./Core/Src/bme68x.o
 .text.swap_fields
                0x080035a2       0x50 ./Core/Src/bme68x.o
 .text.get_calib_data
                0x080035f2      0x26e ./Core/Src/bme68x.o
 .text.read_variant_id
                0x08003860       0x48 ./Core/Src/bme68x.o
 .text.bme68x_i2c_read
                0x080038a8       0x44 ./Core/Src/bme_interface.o
                0x080038a8                bme68x_i2c_read
 .text.bme68x_i2c_write
                0x080038ec       0x44 ./Core/Src/bme_interface.o
                0x080038ec                bme68x_i2c_write
 .text.bme68x_delay_us
                0x08003930       0x26 ./Core/Src/bme_interface.o
                0x08003930                bme68x_delay_us
 *fill*         0x08003956        0x2 
 .text.MX_GPIO_Init
                0x08003958       0x4c ./Core/Src/gpio.o
                0x08003958                MX_GPIO_Init
 .text.MX_I2C1_Init
                0x080039a4       0x80 ./Core/Src/i2c.o
                0x080039a4                MX_I2C1_Init
 .text.HAL_I2C_MspInit
                0x08003a24       0x9c ./Core/Src/i2c.o
                0x08003a24                HAL_I2C_MspInit
 .text.LoRa_Send
                0x08003ac0       0x2c ./Core/Src/main.o
                0x08003ac0                LoRa_Send
 .text.main     0x08003aec      0x150 ./Core/Src/main.o
                0x08003aec                main
 .text.SystemClock_Config
                0x08003c3c       0xb4 ./Core/Src/main.o
                0x08003c3c                SystemClock_Config
 .text.Error_Handler
                0x08003cf0        0xc ./Core/Src/main.o
                0x08003cf0                Error_Handler
 .text.HAL_MspInit
                0x08003cfc       0x48 ./Core/Src/stm32f0xx_hal_msp.o
                0x08003cfc                HAL_MspInit
 .text.NMI_Handler
                0x08003d44        0x8 ./Core/Src/stm32f0xx_it.o
                0x08003d44                NMI_Handler
 .text.HardFault_Handler
                0x08003d4c        0x8 ./Core/Src/stm32f0xx_it.o
                0x08003d4c                HardFault_Handler
 .text.SVC_Handler
                0x08003d54        0xa ./Core/Src/stm32f0xx_it.o
                0x08003d54                SVC_Handler
 .text.PendSV_Handler
                0x08003d5e        0xa ./Core/Src/stm32f0xx_it.o
                0x08003d5e                PendSV_Handler
 .text.SysTick_Handler
                0x08003d68        0xe ./Core/Src/stm32f0xx_it.o
                0x08003d68                SysTick_Handler
 .text.SystemInit
                0x08003d76        0xa ./Core/Src/system_stm32f0xx.o
                0x08003d76                SystemInit
 .text.MX_USART1_UART_Init
                0x08003d80       0x60 ./Core/Src/usart.o
                0x08003d80                MX_USART1_UART_Init
 .text.HAL_UART_MspInit
                0x08003de0       0x9c ./Core/Src/usart.o
                0x08003de0                HAL_UART_MspInit
 .text.Reset_Handler
                0x08003e7c       0x50 ./Core/Startup/startup_stm32f030r8tx.o
                0x08003e7c                Reset_Handler
 .text.Default_Handler
                0x08003ecc        0x2 ./Core/Startup/startup_stm32f030r8tx.o
                0x08003ecc                TIM1_CC_IRQHandler
                0x08003ecc                TIM6_IRQHandler
                0x08003ecc                I2C1_IRQHandler
                0x08003ecc                SPI1_IRQHandler
                0x08003ecc                EXTI2_3_IRQHandler
                0x08003ecc                ADC1_IRQHandler
                0x08003ecc                I2C2_IRQHandler
                0x08003ecc                TIM17_IRQHandler
                0x08003ecc                RTC_IRQHandler
                0x08003ecc                TIM16_IRQHandler
                0x08003ecc                TIM3_IRQHandler
                0x08003ecc                EXTI4_15_IRQHandler
                0x08003ecc                RCC_IRQHandler
                0x08003ecc                DMA1_Channel1_IRQHandler
                0x08003ecc                Default_Handler
                0x08003ecc                TIM14_IRQHandler
                0x08003ecc                DMA1_Channel4_5_IRQHandler
                0x08003ecc                TIM15_IRQHandler
                0x08003ecc                EXTI0_1_IRQHandler
                0x08003ecc                SPI2_IRQHandler
                0x08003ecc                WWDG_IRQHandler
                0x08003ecc                DMA1_Channel2_3_IRQHandler
                0x08003ecc                USART2_IRQHandler
                0x08003ecc                FLASH_IRQHandler
                0x08003ecc                USART1_IRQHandler
                0x08003ecc                TIM1_BRK_UP_TRG_COM_IRQHandler
 *fill*         0x08003ece        0x2 
 .text.HAL_Init
                0x08003ed0       0x28 ./Drivers/STM32F0xx_HAL_Driver/Src/stm32f0xx_hal.o
                0x08003ed0                HAL_Init
 .text.HAL_InitTick
                0x08003ef8       0x68 ./Drivers/STM32F0xx_HAL_Driver/Src/stm32f0xx_hal.o
                0x08003ef8                HAL_InitTick
 .text.HAL_IncTick
                0x08003f60       0x24 ./Drivers/STM32F0xx_HAL_Driver/Src/stm32f0xx_hal.o
                0x08003f60                HAL_IncTick
 .text.HAL_GetTick
                0x08003f84       0x14 ./Drivers/STM32F0xx_HAL_Driver/Src/stm32f0xx_hal.o
                0x08003f84                HAL_GetTick
 .text.HAL_Delay
                0x08003f98       0x48 ./Drivers/STM32F0xx_HAL_Driver/Src/stm32f0xx_hal.o
                0x08003f98                HAL_Delay
 .text.__NVIC_SetPriority
                0x08003fe0       0xdc ./Drivers/STM32F0xx_HAL_Driver/Src/stm32f0xx_hal_cortex.o
 .text.SysTick_Config
                0x080040bc       0x48 ./Drivers/STM32F0xx_HAL_Driver/Src/stm32f0xx_hal_cortex.o
 .text.HAL_NVIC_SetPriority
                0x08004104       0x2a ./Drivers/STM32F0xx_HAL_Driver/Src/stm32f0xx_hal_cortex.o
                0x08004104                HAL_NVIC_SetPriority
 .text.HAL_SYSTICK_Config
                0x0800412e       0x1a ./Drivers/STM32F0xx_HAL_Driver/Src/stm32f0xx_hal_cortex.o
                0x0800412e                HAL_SYSTICK_Config
 .text.HAL_GPIO_Init
                0x08004148      0x2e0 ./Drivers/STM32F0xx_HAL_Driver/Src/stm32f0xx_hal_gpio.o
                0x08004148                HAL_GPIO_Init
 .text.HAL_I2C_Init
                0x08004428      0x14c ./Drivers/STM32F0xx_HAL_Driver/Src/stm32f0xx_hal_i2c.o
                0x08004428                HAL_I2C_Init
 .text.HAL_I2C_Mem_Write
                0x08004574      0x25c ./Drivers/STM32F0xx_HAL_Driver/Src/stm32f0xx_hal_i2c.o
                0x08004574                HAL_I2C_Mem_Write
 .text.HAL_I2C_Mem_Read
                0x080047d0      0x268 ./Drivers/STM32F0xx_HAL_Driver/Src/stm32f0xx_hal_i2c.o
                0x080047d0                HAL_I2C_Mem_Read
 .text.I2C_RequestMemoryWrite
                0x08004a38       0xc8 ./Drivers/STM32F0xx_HAL_Driver/Src/stm32f0xx_hal_i2c.o
 .text.I2C_RequestMemoryRead
                0x08004b00       0xc4 ./Drivers/STM32F0xx_HAL_Driver/Src/stm32f0xx_hal_i2c.o
 .text.I2C_Flush_TXDR
                0x08004bc4       0x44 ./Drivers/STM32F0xx_HAL_Driver/Src/stm32f0xx_hal_i2c.o
 .text.I2C_WaitOnFlagUntilTimeout
                0x08004c08       0xb0 ./Drivers/STM32F0xx_HAL_Driver/Src/stm32f0xx_hal_i2c.o
 .text.I2C_WaitOnTXISFlagUntilTimeout
                0x08004cb8       0x8c ./Drivers/STM32F0xx_HAL_Driver/Src/stm32f0xx_hal_i2c.o
 .text.I2C_WaitOnSTOPFlagUntilTimeout
                0x08004d44       0x86 ./Drivers/STM32F0xx_HAL_Driver/Src/stm32f0xx_hal_i2c.o
 *fill*         0x08004dca        0x2 
 .text.I2C_IsErrorOccurred
                0x08004dcc      0x1f0 ./Drivers/STM32F0xx_HAL_Driver/Src/stm32f0xx_hal_i2c.o
 .text.I2C_TransferConfig
                0x08004fbc       0x74 ./Drivers/STM32F0xx_HAL_Driver/Src/stm32f0xx_hal_i2c.o
 .text.HAL_I2CEx_ConfigAnalogFilter
                0x08005030       0x98 ./Drivers/STM32F0xx_HAL_Driver/Src/stm32f0xx_hal_i2c_ex.o
                0x08005030                HAL_I2CEx_ConfigAnalogFilter
 .text.HAL_I2CEx_ConfigDigitalFilter
                0x080050c8       0x98 ./Drivers/STM32F0xx_HAL_Driver/Src/stm32f0xx_hal_i2c_ex.o
                0x080050c8                HAL_I2CEx_ConfigDigitalFilter
 .text.HAL_RCC_OscConfig
                0x08005160      0x634 ./Drivers/STM32F0xx_HAL_Driver/Src/stm32f0xx_hal_rcc.o
                0x08005160                HAL_RCC_OscConfig
 .text.HAL_RCC_ClockConfig
                0x08005794      0x19c ./Drivers/STM32F0xx_HAL_Driver/Src/stm32f0xx_hal_rcc.o
                0x08005794                HAL_RCC_ClockConfig
 .text.HAL_RCC_GetSysClockFreq
                0x08005930       0xac ./Drivers/STM32F0xx_HAL_Driver/Src/stm32f0xx_hal_rcc.o
                0x08005930                HAL_RCC_GetSysClockFreq
 .text.HAL_RCC_GetHCLKFreq
                0x080059dc       0x14 ./Drivers/STM32F0xx_HAL_Driver/Src/stm32f0xx_hal_rcc.o
                0x080059dc                HAL_RCC_GetHCLKFreq
 .text.HAL_RCC_GetPCLK1Freq
                0x080059f0       0x2c ./Drivers/STM32F0xx_HAL_Driver/Src/stm32f0xx_hal_rcc.o
                0x080059f0                HAL_RCC_GetPCLK1Freq
 .text.HAL_RCCEx_PeriphCLKConfig
                0x08005a1c      0x19c ./Drivers/STM32F0xx_HAL_Driver/Src/stm32f0xx_hal_rcc_ex.o
                0x08005a1c                HAL_RCCEx_PeriphCLKConfig
 .text.HAL_UART_Init
                0x08005bb8       0xa8 ./Drivers/STM32F0xx_HAL_Driver/Src/stm32f0xx_hal_uart.o
                0x08005bb8                HAL_UART_Init
 .text.HAL_UART_Transmit
                0x08005c60      0x13e ./Drivers/STM32F0xx_HAL_Driver/Src/stm32f0xx_hal_uart.o
                0x08005c60                HAL_UART_Transmit
 *fill*         0x08005d9e        0x2 
 .text.UART_SetConfig
                0x08005da0      0x280 ./Drivers/STM32F0xx_HAL_Driver/Src/stm32f0xx_hal_uart.o
                0x08005da0                UART_SetConfig
 .text.UART_AdvFeatureConfig
                0x08006020      0x168 ./Drivers/STM32F0xx_HAL_Driver/Src/stm32f0xx_hal_uart.o
                0x08006020                UART_AdvFeatureConfig
 .text.UART_CheckIdleState
                0x08006188      0x150 ./Drivers/STM32F0xx_HAL_Driver/Src/stm32f0xx_hal_uart.o
                0x08006188                UART_CheckIdleState
 .text.UART_WaitOnFlagUntilTimeout
                0x080062d8       0xde ./Drivers/STM32F0xx_HAL_Driver/Src/stm32f0xx_hal_uart.o
                0x080062d8                UART_WaitOnFlagUntilTimeout
 *fill*         0x080063b6        0x2 
 .text.UART_EndRxTransfer
                0x080063b8       0xc8 ./Drivers/STM32F0xx_HAL_Driver/Src/stm32f0xx_hal_uart.o
 .text.memset   0x08006480       0x10 C:/ST/STM32CubeIDE_2.1.1/STM32CubeIDE/plugins/com.st.stm32cube.ide.mcu.externaltools.gnu-tools-for-stm32.14.3.rel1.win32_1.0.100.202602081740/tools/bin/../lib/gcc/arm-none-eabi/14.3.1/../../../../arm-none-eabi/lib/thumb/v6-m/nofp\libc_nano.a(libc_a-memset.o)
                0x08006480                memset
 .text.__libc_init_array
                0x08006490       0x48 C:/ST/STM32CubeIDE_2.1.1/STM32CubeIDE/plugins/com.st.stm32cube.ide.mcu.externaltools.gnu-tools-for-stm32.14.3.rel1.win32_1.0.100.202602081740/tools/bin/../lib/gcc/arm-none-eabi/14.3.1/../../../../arm-none-eabi/lib/thumb/v6-m/nofp\libc_nano.a(libc_a-init.o)
                0x08006490                __libc_init_array
 .text.memcpy   0x080064d8       0x12 C:/ST/STM32CubeIDE_2.1.1/STM32CubeIDE/plugins/com.st.stm32cube.ide.mcu.externaltools.gnu-tools-for-stm32.14.3.rel1.win32_1.0.100.202602081740/tools/bin/../lib/gcc/arm-none-eabi/14.3.1/../../../../arm-none-eabi/lib/thumb/v6-m/nofp\libc_nano.a(libc_a-memcpy-stub.o)
                0x080064d8                memcpy
 *(.glue_7)
 .glue_7        0x080064ea        0x0 linker stubs
 *(.glue_7t)
 .glue_7t       0x080064ea        0x0 linker stubs
 *(.eh_frame)
 *fill*         0x080064ea        0x2 
 .eh_frame      0x080064ec        0x0 C:/ST/STM32CubeIDE_2.1.1/STM32CubeIDE/plugins/com.st.stm32cube.ide.mcu.externaltools.gnu-tools-for-stm32.14.3.rel1.win32_1.0.100.202602081740/tools/bin/../lib/gcc/arm-none-eabi/14.3.1/thumb/v6-m/nofp/crtbegin.o
 *(.init)
 .init          0x080064ec        0x4 C:/ST/STM32CubeIDE_2.1.1/STM32CubeIDE/plugins/com.st.stm32cube.ide.mcu.externaltools.gnu-tools-for-stm32.14.3.rel1.win32_1.0.100.202602081740/tools/bin/../lib/gcc/arm-none-eabi/14.3.1/thumb/v6-m/nofp/crti.o
                0x080064ec                _init
 .init          0x080064f0        0x8 C:/ST/STM32CubeIDE_2.1.1/STM32CubeIDE/plugins/com.st.stm32cube.ide.mcu.externaltools.gnu-tools-for-stm32.14.3.rel1.win32_1.0.100.202602081740/tools/bin/../lib/gcc/arm-none-eabi/14.3.1/thumb/v6-m/nofp/crtn.o
 *(.fini)
 .fini          0x080064f8        0x4 C:/ST/STM32CubeIDE_2.1.1/STM32CubeIDE/plugins/com.st.stm32cube.ide.mcu.externaltools.gnu-tools-for-stm32.14.3.rel1.win32_1.0.100.202602081740/tools/bin/../lib/gcc/arm-none-eabi/14.3.1/thumb/v6-m/nofp/crti.o
                0x080064f8                _fini
 .fini          0x080064fc        0x8 C:/ST/STM32CubeIDE_2.1.1/STM32CubeIDE/plugins/com.st.stm32cube.ide.mcu.externaltools.gnu-tools-for-stm32.14.3.rel1.win32_1.0.100.202602081740/tools/bin/../lib/gcc/arm-none-eabi/14.3.1/thumb/v6-m/nofp/crtn.o
                0x08006504                        . = ALIGN (0x4)
                0x08006504                        _etext = .

.vfp11_veneer   0x08006504        0x0
 .vfp11_veneer  0x08006504        0x0 linker stubs

.v4_bx          0x08006504        0x0
 .v4_bx         0x08006504        0x0 linker stubs

.iplt           0x08006504        0x0
 .iplt          0x08006504        0x0 C:/ST/STM32CubeIDE_2.1.1/STM32CubeIDE/plugins/com.st.stm32cube.ide.mcu.externaltools.gnu-tools-for-stm32.14.3.rel1.win32_1.0.100.202602081740/tools/bin/../lib/gcc/arm-none-eabi/14.3.1/thumb/v6-m/nofp/crtbegin.o

.rodata         0x08006504      0x1a0
                0x08006504                        . = ALIGN (0x4)
 *(.rodata)
 .rodata        0x08006504       0x90 ./Core/Src/bme68x.o
 .rodata        0x08006594       0x5b ./Core/Src/main.o
 *fill*         0x080065ef        0x1 
 .rodata        0x080065f0       0x7c C:/ST/STM32CubeIDE_2.1.1/STM32CubeIDE/plugins/com.st.stm32cube.ide.mcu.externaltools.gnu-tools-for-stm32.14.3.rel1.win32_1.0.100.202602081740/tools/bin/../lib/gcc/arm-none-eabi/14.3.1/thumb/v6-m/nofp\libgcc.a(divsf3.o)
 *(.rodata*)
 .rodata.AHBPrescTable
                0x0800666c       0x10 ./Core/Src/system_stm32f0xx.o
                0x0800666c                AHBPrescTable
 .rodata.APBPrescTable
                0x0800667c        0x8 ./Core/Src/system_stm32f0xx.o
                0x0800667c                APBPrescTable
 .rodata.aPLLMULFactorTable.1
                0x08006684       0x10 ./Drivers/STM32F0xx_HAL_Driver/Src/stm32f0xx_hal_rcc.o
 .rodata.aPredivFactorTable.0
                0x08006694       0x10 ./Drivers/STM32F0xx_HAL_Driver/Src/stm32f0xx_hal_rcc.o
                0x080066a4                        . = ALIGN (0x4)

.ARM.extab      0x080066a4        0x0
                0x080066a4                        . = ALIGN (0x4)
 *(.ARM.extab* .gnu.linkonce.armextab.*)
                0x080066a4                        . = ALIGN (0x4)

.ARM            0x080066a4        0x0
                0x080066a4                        . = ALIGN (0x4)
                0x080066a4                        __exidx_start = .
 *(.ARM.exidx*)
                0x080066a4                        __exidx_end = .
                0x080066a4                        . = ALIGN (0x4)

.preinit_array  0x080066a4        0x0
                0x080066a4                        . = ALIGN (0x4)
                0x080066a4                        PROVIDE (__preinit_array_start = .)
 *(.preinit_array*)
                0x080066a4                        PROVIDE (__preinit_array_end = .)
                0x080066a4                        . = ALIGN (0x4)

.init_array     0x080066a4        0x4
                0x080066a4                        . = ALIGN (0x4)
                0x080066a4                        PROVIDE (__init_array_start = .)
 *(SORT_BY_NAME(.init_array.*))
 *(.init_array*)
 .init_array    0x080066a4        0x4 C:/ST/STM32CubeIDE_2.1.1/STM32CubeIDE/plugins/com.st.stm32cube.ide.mcu.externaltools.gnu-tools-for-stm32.14.3.rel1.win32_1.0.100.202602081740/tools/bin/../lib/gcc/arm-none-eabi/14.3.1/thumb/v6-m/nofp/crtbegin.o
                0x080066a8                        PROVIDE (__init_array_end = .)
                0x080066a8                        . = ALIGN (0x4)

.fini_array     0x080066a8        0x4
                0x080066a8                        . = ALIGN (0x4)
                [!provide]                        PROVIDE (__fini_array_start = .)
 *(SORT_BY_NAME(.fini_array.*))
 *(.fini_array*)
 .fini_array    0x080066a8        0x4 C:/ST/STM32CubeIDE_2.1.1/STM32CubeIDE/plugins/com.st.stm32cube.ide.mcu.externaltools.gnu-tools-for-stm32.14.3.rel1.win32_1.0.100.202602081740/tools/bin/../lib/gcc/arm-none-eabi/14.3.1/thumb/v6-m/nofp/crtbegin.o
                [!provide]                        PROVIDE (__fini_array_end = .)
                0x080066ac                        . = ALIGN (0x4)
                0x080066ac                        _sidata = LOADADDR (.data)

.rel.dyn        0x080066ac        0x0
 .rel.iplt      0x080066ac        0x0 C:/ST/STM32CubeIDE_2.1.1/STM32CubeIDE/plugins/com.st.stm32cube.ide.mcu.externaltools.gnu-tools-for-stm32.14.3.rel1.win32_1.0.100.202602081740/tools/bin/../lib/gcc/arm-none-eabi/14.3.1/thumb/v6-m/nofp/crtbegin.o

.data           0x20000000        0xc load address 0x080066ac
                0x20000000                        . = ALIGN (0x4)
                0x20000000                        _sdata = .
 *(.data)
 *(.data*)
 .data.SystemCoreClock
                0x20000000        0x4 ./Core/Src/system_stm32f0xx.o
                0x20000000                SystemCoreClock
 .data.uwTickPrio
                0x20000004        0x4 ./Drivers/STM32F0xx_HAL_Driver/Src/stm32f0xx_hal.o
                0x20000004                uwTickPrio
 .data.uwTickFreq
                0x20000008        0x1 ./Drivers/STM32F0xx_HAL_Driver/Src/stm32f0xx_hal.o
                0x20000008                uwTickFreq
 *(.RamFunc)
 *(.RamFunc*)
                0x2000000c                        . = ALIGN (0x4)
 *fill*         0x20000009        0x3 
                0x2000000c                        _edata = .

.igot.plt       0x2000000c        0x0 load address 0x080066b8
 .igot.plt      0x2000000c        0x0 C:/ST/STM32CubeIDE_2.1.1/STM32CubeIDE/plugins/com.st.stm32cube.ide.mcu.externaltools.gnu-tools-for-stm32.14.3.rel1.win32_1.0.100.202602081740/tools/bin/../lib/gcc/arm-none-eabi/14.3.1/thumb/v6-m/nofp/crtbegin.o
                0x2000000c                        . = ALIGN (0x4)

.bss            0x2000000c      0x168 load address 0x080066b8
                0x2000000c                        _sbss = .
                0x2000000c                        __bss_start__ = _sbss
 *(.bss)
 .bss           0x2000000c       0x1c C:/ST/STM32CubeIDE_2.1.1/STM32CubeIDE/plugins/com.st.stm32cube.ide.mcu.externaltools.gnu-tools-for-stm32.14.3.rel1.win32_1.0.100.202602081740/tools/bin/../lib/gcc/arm-none-eabi/14.3.1/thumb/v6-m/nofp/crtbegin.o
 *(.bss*)
 .bss.hi2c1     0x20000028       0x54 ./Core/Src/i2c.o
                0x20000028                hi2c1
 .bss.bme       0x2000007c       0x50 ./Core/Src/main.o
                0x2000007c                bme
 .bss.conf      0x200000cc        0x5 ./Core/Src/main.o
                0x200000cc                conf
 *fill*         0x200000d1        0x3 
 .bss.heatr_conf
                0x200000d4       0x14 ./Core/Src/main.o
                0x200000d4                heatr_conf
 .bss.huart1    0x200000e8       0x88 ./Core/Src/usart.o
                0x200000e8                huart1
 .bss.uwTick    0x20000170        0x4 ./Drivers/STM32F0xx_HAL_Driver/Src/stm32f0xx_hal.o
                0x20000170                uwTick
 *(COMMON)
                0x20000174                        . = ALIGN (0x4)
                0x20000174                        _ebss = .
                0x20000174                        __bss_end__ = _ebss

._user_heap_stack
                0x20000174      0x604 load address 0x080066b8
                0x20000178                        . = ALIGN (0x8)
 *fill*         0x20000174        0x4 
                [!provide]                        PROVIDE (end = .)
                0x20000178                        PROVIDE (_end = .)
                0x20000378                        . = (. + _Min_Heap_Size)
 *fill*         0x20000178      0x200 
                0x20000778                        . = (. + _Min_Stack_Size)
 *fill*         0x20000378      0x400 
                0x20000778                        . = ALIGN (0x8)

/DISCARD/
 libc.a(*)
 libm.a(*)
 libgcc.a(*)

.ARM.attributes
                0x00000000       0x28
 *(.ARM.attributes)
 .ARM.attributes
                0x00000000       0x1e C:/ST/STM32CubeIDE_2.1.1/STM32CubeIDE/plugins/com.st.stm32cube.ide.mcu.externaltools.gnu-tools-for-stm32.14.3.rel1.win32_1.0.100.202602081740/tools/bin/../lib/gcc/arm-none-eabi/14.3.1/thumb/v6-m/nofp/crti.o
 .ARM.attributes
                0x0000001e       0x2c C:/ST/STM32CubeIDE_2.1.1/STM32CubeIDE/plugins/com.st.stm32cube.ide.mcu.externaltools.gnu-tools-for-stm32.14.3.rel1.win32_1.0.100.202602081740/tools/bin/../lib/gcc/arm-none-eabi/14.3.1/thumb/v6-m/nofp/crtbegin.o
 .ARM.attributes
                0x0000004a       0x2c ./Core/Src/bme68x.o
 .ARM.attributes
                0x00000076       0x2c ./Core/Src/bme_interface.o
 .ARM.attributes
                0x000000a2       0x2c ./Core/Src/gpio.o
 .ARM.attributes
                0x000000ce       0x2c ./Core/Src/i2c.o
 .ARM.attributes
                0x000000fa       0x2c ./Core/Src/main.o
 .ARM.attributes
                0x00000126       0x2c ./Core/Src/stm32f0xx_hal_msp.o
 .ARM.attributes
                0x00000152       0x2c ./Core/Src/stm32f0xx_it.o
 .ARM.attributes
                0x0000017e       0x2c ./Core/Src/system_stm32f0xx.o
 .ARM.attributes
                0x000001aa       0x2c ./Core/Src/usart.o
 .ARM.attributes
                0x000001d6       0x21 ./Core/Startup/startup_stm32f030r8tx.o
 .ARM.attributes
                0x000001f7       0x2c ./Drivers/STM32F0xx_HAL_Driver/Src/stm32f0xx_hal.o
 .ARM.attributes
                0x00000223       0x2c ./Drivers/STM32F0xx_HAL_Driver/Src/stm32f0xx_hal_cortex.o
 .ARM.attributes
                0x0000024f       0x2c ./Drivers/STM32F0xx_HAL_Driver/Src/stm32f0xx_hal_gpio.o
 .ARM.attributes
                0x0000027b       0x2c ./Drivers/STM32F0xx_HAL_Driver/Src/stm32f0xx_hal_i2c.o
 .ARM.attributes
                0x000002a7       0x2c ./Drivers/STM32F0xx_HAL_Driver/Src/stm32f0xx_hal_i2c_ex.o
 .ARM.attributes
                0x000002d3       0x2c ./Drivers/STM32F0xx_HAL_Driver/Src/stm32f0xx_hal_rcc.o
 .ARM.attributes
                0x000002ff       0x2c ./Drivers/STM32F0xx_HAL_Driver/Src/stm32f0xx_hal_rcc_ex.o
 .ARM.attributes
                0x0000032b       0x2c ./Drivers/STM32F0xx_HAL_Driver/Src/stm32f0xx_hal_uart.o
 .ARM.attributes
                0x00000357       0x2c C:/ST/STM32CubeIDE_2.1.1/STM32CubeIDE/plugins/com.st.stm32cube.ide.mcu.externaltools.gnu-tools-for-stm32.14.3.rel1.win32_1.0.100.202602081740/tools/bin/../lib/gcc/arm-none-eabi/14.3.1/../../../../arm-none-eabi/lib/thumb/v6-m/nofp\libc_nano.a(libc_a-memset.o)
 .ARM.attributes
                0x00000383       0x2c C:/ST/STM32CubeIDE_2.1.1/STM32CubeIDE/plugins/com.st.stm32cube.ide.mcu.externaltools.gnu-tools-for-stm32.14.3.rel1.win32_1.0.100.202602081740/tools/bin/../lib/gcc/arm-none-eabi/14.3.1/../../../../arm-none-eabi/lib/thumb/v6-m/nofp\libc_nano.a(libc_a-init.o)
 .ARM.attributes
                0x000003af       0x2c C:/ST/STM32CubeIDE_2.1.1/STM32CubeIDE/plugins/com.st.stm32cube.ide.mcu.externaltools.gnu-tools-for-stm32.14.3.rel1.win32_1.0.100.202602081740/tools/bin/../lib/gcc/arm-none-eabi/14.3.1/../../../../arm-none-eabi/lib/thumb/v6-m/nofp\libc_nano.a(libc_a-memcpy-stub.o)
 .ARM.attributes
                0x000003db       0x1c C:/ST/STM32CubeIDE_2.1.1/STM32CubeIDE/plugins/com.st.stm32cube.ide.mcu.externaltools.gnu-tools-for-stm32.14.3.rel1.win32_1.0.100.202602081740/tools/bin/../lib/gcc/arm-none-eabi/14.3.1/../../../../arm-none-eabi/lib/thumb/v6-m/nofp\libc_nano.a(libc_a-strlen.o)
 .ARM.attributes
                0x000003f7       0x1e C:/ST/STM32CubeIDE_2.1.1/STM32CubeIDE/plugins/com.st.stm32cube.ide.mcu.externaltools.gnu-tools-for-stm32.14.3.rel1.win32_1.0.100.202602081740/tools/bin/../lib/gcc/arm-none-eabi/14.3.1/thumb/v6-m/nofp\libgcc.a(_udivsi3.o)
 .ARM.attributes
                0x00000415       0x1e C:/ST/STM32CubeIDE_2.1.1/STM32CubeIDE/plugins/com.st.stm32cube.ide.mcu.externaltools.gnu-tools-for-stm32.14.3.rel1.win32_1.0.100.202602081740/tools/bin/../lib/gcc/arm-none-eabi/14.3.1/thumb/v6-m/nofp\libgcc.a(_dvmd_tls.o)
 .ARM.attributes
                0x00000433       0x1e C:/ST/STM32CubeIDE_2.1.1/STM32CubeIDE/plugins/com.st.stm32cube.ide.mcu.externaltools.gnu-tools-for-stm32.14.3.rel1.win32_1.0.100.202602081740/tools/bin/../lib/gcc/arm-none-eabi/14.3.1/thumb/v6-m/nofp\libgcc.a(_arm_cmpsf2.o)
 .ARM.attributes
                0x00000451       0x2c C:/ST/STM32CubeIDE_2.1.1/STM32CubeIDE/plugins/com.st.stm32cube.ide.mcu.externaltools.gnu-tools-for-stm32.14.3.rel1.win32_1.0.100.202602081740/tools/bin/../lib/gcc/arm-none-eabi/14.3.1/thumb/v6-m/nofp\libgcc.a(_fixunssfsi.o)
 .ARM.attributes
                0x0000047d       0x2c C:/ST/STM32CubeIDE_2.1.1/STM32CubeIDE/plugins/com.st.stm32cube.ide.mcu.externaltools.gnu-tools-for-stm32.14.3.rel1.win32_1.0.100.202602081740/tools/bin/../lib/gcc/arm-none-eabi/14.3.1/thumb/v6-m/nofp\libgcc.a(addsf3.o)
 .ARM.attributes
                0x000004a9       0x2c C:/ST/STM32CubeIDE_2.1.1/STM32CubeIDE/plugins/com.st.stm32cube.ide.mcu.externaltools.gnu-tools-for-stm32.14.3.rel1.win32_1.0.100.202602081740/tools/bin/../lib/gcc/arm-none-eabi/14.3.1/thumb/v6-m/nofp\libgcc.a(divsf3.o)
 .ARM.attributes
                0x000004d5       0x2c C:/ST/STM32CubeIDE_2.1.1/STM32CubeIDE/plugins/com.st.stm32cube.ide.mcu.externaltools.gnu-tools-for-stm32.14.3.rel1.win32_1.0.100.202602081740/tools/bin/../lib/gcc/arm-none-eabi/14.3.1/thumb/v6-m/nofp\libgcc.a(eqsf2.o)
 .ARM.attributes
                0x00000501       0x2c C:/ST/STM32CubeIDE_2.1.1/STM32CubeIDE/plugins/com.st.stm32cube.ide.mcu.externaltools.gnu-tools-for-stm32.14.3.rel1.win32_1.0.100.202602081740/tools/bin/../lib/gcc/arm-none-eabi/14.3.1/thumb/v6-m/nofp\libgcc.a(gesf2.o)
 .ARM.attributes
                0x0000052d       0x2c C:/ST/STM32CubeIDE_2.1.1/STM32CubeIDE/plugins/com.st.stm32cube.ide.mcu.externaltools.gnu-tools-for-stm32.14.3.rel1.win32_1.0.100.202602081740/tools/bin/../lib/gcc/arm-none-eabi/14.3.1/thumb/v6-m/nofp\libgcc.a(lesf2.o)
 .ARM.attributes
                0x00000559       0x2c C:/ST/STM32CubeIDE_2.1.1/STM32CubeIDE/plugins/com.st.stm32cube.ide.mcu.externaltools.gnu-tools-for-stm32.14.3.rel1.win32_1.0.100.202602081740/tools/bin/../lib/gcc/arm-none-eabi/14.3.1/thumb/v6-m/nofp\libgcc.a(mulsf3.o)
 .ARM.attributes
                0x00000585       0x2c C:/ST/STM32CubeIDE_2.1.1/STM32CubeIDE/plugins/com.st.stm32cube.ide.mcu.externaltools.gnu-tools-for-stm32.14.3.rel1.win32_1.0.100.202602081740/tools/bin/../lib/gcc/arm-none-eabi/14.3.1/thumb/v6-m/nofp\libgcc.a(subsf3.o)
 .ARM.attributes
                0x000005b1       0x2c C:/ST/STM32CubeIDE_2.1.1/STM32CubeIDE/plugins/com.st.stm32cube.ide.mcu.externaltools.gnu-tools-for-stm32.14.3.rel1.win32_1.0.100.202602081740/tools/bin/../lib/gcc/arm-none-eabi/14.3.1/thumb/v6-m/nofp\libgcc.a(fixsfsi.o)
 .ARM.attributes
                0x000005dd       0x2c C:/ST/STM32CubeIDE_2.1.1/STM32CubeIDE/plugins/com.st.stm32cube.ide.mcu.externaltools.gnu-tools-for-stm32.14.3.rel1.win32_1.0.100.202602081740/tools/bin/../lib/gcc/arm-none-eabi/14.3.1/thumb/v6-m/nofp\libgcc.a(floatsisf.o)
 .ARM.attributes
                0x00000609       0x2c C:/ST/STM32CubeIDE_2.1.1/STM32CubeIDE/plugins/com.st.stm32cube.ide.mcu.externaltools.gnu-tools-for-stm32.14.3.rel1.win32_1.0.100.202602081740/tools/bin/../lib/gcc/arm-none-eabi/14.3.1/thumb/v6-m/nofp\libgcc.a(floatunsisf.o)
 .ARM.attributes
                0x00000635       0x1e C:/ST/STM32CubeIDE_2.1.1/STM32CubeIDE/plugins/com.st.stm32cube.ide.mcu.externaltools.gnu-tools-for-stm32.14.3.rel1.win32_1.0.100.202602081740/tools/bin/../lib/gcc/arm-none-eabi/14.3.1/thumb/v6-m/nofp\libgcc.a(_clzsi2.o)
 .ARM.attributes
                0x00000653       0x1e C:/ST/STM32CubeIDE_2.1.1/STM32CubeIDE/plugins/com.st.stm32cube.ide.mcu.externaltools.gnu-tools-for-stm32.14.3.rel1.win32_1.0.100.202602081740/tools/bin/../lib/gcc/arm-none-eabi/14.3.1/thumb/v6-m/nofp/crtn.o
OUTPUT(WildfireProject2026.elf elf32-littlearm)
LOAD linker stubs
LOAD C:/ST/STM32CubeIDE_2.1.1/STM32CubeIDE/plugins/com.st.stm32cube.ide.mcu.externaltools.gnu-tools-for-stm32.14.3.rel1.win32_1.0.100.202602081740/tools/bin/../lib/gcc/arm-none-eabi/14.3.1/../../../../arm-none-eabi/lib/thumb/v6-m/nofp\libc.a
LOAD C:/ST/STM32CubeIDE_2.1.1/STM32CubeIDE/plugins/com.st.stm32cube.ide.mcu.externaltools.gnu-tools-for-stm32.14.3.rel1.win32_1.0.100.202602081740/tools/bin/../lib/gcc/arm-none-eabi/14.3.1/../../../../arm-none-eabi/lib/thumb/v6-m/nofp\libm.a
LOAD C:/ST/STM32CubeIDE_2.1.1/STM32CubeIDE/plugins/com.st.stm32cube.ide.mcu.externaltools.gnu-tools-for-stm32.14.3.rel1.win32_1.0.100.202602081740/tools/bin/../lib/gcc/arm-none-eabi/14.3.1/thumb/v6-m/nofp\libgcc.a

.debug_info     0x00000000     0xc62f
 .debug_info    0x00000000     0x15b0 ./Core/Src/bme68x.o
 .debug_info    0x000015b0      0x75c ./Core/Src/bme_interface.o
 .debug_info    0x00001d0c      0x199 ./Core/Src/gpio.o
 .debug_info    0x00001ea5      0x8d3 ./Core/Src/i2c.o
 .debug_info    0x00002778      0xf67 ./Core/Src/main.o
 .debug_info    0x000036df      0x199 ./Core/Src/stm32f0xx_hal_msp.o
 .debug_info    0x00003878       0xd3 ./Core/Src/stm32f0xx_it.o
 .debug_info    0x0000394b      0x242 ./Core/Src/system_stm32f0xx.o
 .debug_info    0x00003b8d      0x92e ./Core/Src/usart.o
 .debug_info    0x000044bb       0x30 ./Core/Startup/startup_stm32f030r8tx.o
 .debug_info    0x000044eb      0x670 ./Drivers/STM32F0xx_HAL_Driver/Src/stm32f0xx_hal.o
 .debug_info    0x00004b5b      0x69b ./Drivers/STM32F0xx_HAL_Driver/Src/stm32f0xx_hal_cortex.o
 .debug_info    0x000051f6      0x5c3 ./Drivers/STM32F0xx_HAL_Driver/Src/stm32f0xx_hal_gpio.o
 .debug_info    0x000057b9     0x20cd ./Drivers/STM32F0xx_HAL_Driver/Src/stm32f0xx_hal_i2c.o
 .debug_info    0x00007886      0x7de ./Drivers/STM32F0xx_HAL_Driver/Src/stm32f0xx_hal_i2c_ex.o
 .debug_info    0x00008064      0x844 ./Drivers/STM32F0xx_HAL_Driver/Src/stm32f0xx_hal_rcc.o
 .debug_info    0x000088a8      0x35d ./Drivers/STM32F0xx_HAL_Driver/Src/stm32f0xx_hal_rcc_ex.o
 .debug_info    0x00008c05     0x3a2a ./Drivers/STM32F0xx_HAL_Driver/Src/stm32f0xx_hal_uart.o

.debug_abbrev   0x00000000     0x1f96
 .debug_abbrev  0x00000000      0x22d ./Core/Src/bme68x.o
 .debug_abbrev  0x0000022d      0x1d7 ./Core/Src/bme_interface.o
 .debug_abbrev  0x00000404       0xc6 ./Core/Src/gpio.o
 .debug_abbrev  0x000004ca      0x215 ./Core/Src/i2c.o
 .debug_abbrev  0x000006df      0x29f ./Core/Src/main.o
 .debug_abbrev  0x0000097e       0xc6 ./Core/Src/stm32f0xx_hal_msp.o
 .debug_abbrev  0x00000a44       0x73 ./Core/Src/stm32f0xx_it.o
 .debug_abbrev  0x00000ab7      0x11c ./Core/Src/system_stm32f0xx.o
 .debug_abbrev  0x00000bd3      0x1f6 ./Core/Src/usart.o
 .debug_abbrev  0x00000dc9       0x24 ./Core/Startup/startup_stm32f030r8tx.o
 .debug_abbrev  0x00000ded      0x24b ./Drivers/STM32F0xx_HAL_Driver/Src/stm32f0xx_hal.o
 .debug_abbrev  0x00001038      0x28c ./Drivers/STM32F0xx_HAL_Driver/Src/stm32f0xx_hal_cortex.o
 .debug_abbrev  0x000012c4      0x1c8 ./Drivers/STM32F0xx_HAL_Driver/Src/stm32f0xx_hal_gpio.o
 .debug_abbrev  0x0000148c      0x270 ./Drivers/STM32F0xx_HAL_Driver/Src/stm32f0xx_hal_i2c.o
 .debug_abbrev  0x000016fc      0x1d4 ./Drivers/STM32F0xx_HAL_Driver/Src/stm32f0xx_hal_i2c_ex.o
 .debug_abbrev  0x000018d0      0x28b ./Drivers/STM32F0xx_HAL_Driver/Src/stm32f0xx_hal_rcc.o
 .debug_abbrev  0x00001b5b      0x16f ./Drivers/STM32F0xx_HAL_Driver/Src/stm32f0xx_hal_rcc_ex.o
 .debug_abbrev  0x00001cca      0x2cc ./Drivers/STM32F0xx_HAL_Driver/Src/stm32f0xx_hal_uart.o

.debug_aranges  0x00000000      0xa40
 .debug_aranges
                0x00000000      0x120 ./Core/Src/bme68x.o
 .debug_aranges
                0x00000120       0x30 ./Core/Src/bme_interface.o
 .debug_aranges
                0x00000150       0x20 ./Core/Src/gpio.o
 .debug_aranges
                0x00000170       0x30 ./Core/Src/i2c.o
 .debug_aranges
                0x000001a0       0x38 ./Core/Src/main.o
 .debug_aranges
                0x000001d8       0x20 ./Core/Src/stm32f0xx_hal_msp.o
 .debug_aranges
                0x000001f8       0x40 ./Core/Src/stm32f0xx_it.o
 .debug_aranges
                0x00000238       0x28 ./Core/Src/system_stm32f0xx.o
 .debug_aranges
                0x00000260       0x30 ./Core/Src/usart.o
 .debug_aranges
                0x00000290       0x28 ./Core/Startup/startup_stm32f030r8tx.o
 .debug_aranges
                0x000002b8       0xd0 ./Drivers/STM32F0xx_HAL_Driver/Src/stm32f0xx_hal.o
 .debug_aranges
                0x00000388       0xc0 ./Drivers/STM32F0xx_HAL_Driver/Src/stm32f0xx_hal_cortex.o
 .debug_aranges
                0x00000448       0x58 ./Drivers/STM32F0xx_HAL_Driver/Src/stm32f0xx_hal_gpio.o
 .debug_aranges
                0x000004a0      0x2a0 ./Drivers/STM32F0xx_HAL_Driver/Src/stm32f0xx_hal_i2c.o
 .debug_aranges
                0x00000740       0x38 ./Drivers/STM32F0xx_HAL_Driver/Src/stm32f0xx_hal_i2c_ex.o
 .debug_aranges
                0x00000778       0x80 ./Drivers/STM32F0xx_HAL_Driver/Src/stm32f0xx_hal_rcc.o
 .debug_aranges
                0x000007f8       0x30 ./Drivers/STM32F0xx_HAL_Driver/Src/stm32f0xx_hal_rcc_ex.o
 .debug_aranges
                0x00000828      0x218 ./Drivers/STM32F0xx_HAL_Driver/Src/stm32f0xx_hal_uart.o

.debug_rnglists
                0x00000000      0x7f7
 .debug_rnglists
                0x00000000       0xeb ./Core/Src/bme68x.o
 .debug_rnglists
                0x000000eb       0x1f ./Core/Src/bme_interface.o
 .debug_rnglists
                0x0000010a       0x13 ./Core/Src/gpio.o
 .debug_rnglists
                0x0000011d       0x21 ./Core/Src/i2c.o
 .debug_rnglists
                0x0000013e       0x27 ./Core/Src/main.o
 .debug_rnglists
                0x00000165       0x13 ./Core/Src/stm32f0xx_hal_msp.o
 .debug_rnglists
                0x00000178       0x2b ./Core/Src/stm32f0xx_it.o
 .debug_rnglists
                0x000001a3       0x1a ./Core/Src/system_stm32f0xx.o
 .debug_rnglists
                0x000001bd       0x20 ./Core/Src/usart.o
 .debug_rnglists
                0x000001dd       0x19 ./Core/Startup/startup_stm32f030r8tx.o
 .debug_rnglists
                0x000001f6       0x97 ./Drivers/STM32F0xx_HAL_Driver/Src/stm32f0xx_hal.o
 .debug_rnglists
                0x0000028d       0x8c ./Drivers/STM32F0xx_HAL_Driver/Src/stm32f0xx_hal_cortex.o
 .debug_rnglists
                0x00000319       0x3f ./Drivers/STM32F0xx_HAL_Driver/Src/stm32f0xx_hal_gpio.o
 .debug_rnglists
                0x00000358      0x229 ./Drivers/STM32F0xx_HAL_Driver/Src/stm32f0xx_hal_i2c.o
 .debug_rnglists
                0x00000581       0x27 ./Drivers/STM32F0xx_HAL_Driver/Src/stm32f0xx_hal_i2c_ex.o
 .debug_rnglists
                0x000005a8       0x60 ./Drivers/STM32F0xx_HAL_Driver/Src/stm32f0xx_hal_rcc.o
 .debug_rnglists
                0x00000608       0x21 ./Drivers/STM32F0xx_HAL_Driver/Src/stm32f0xx_hal_rcc_ex.o
 .debug_rnglists
                0x00000629      0x1ce ./Drivers/STM32F0xx_HAL_Driver/Src/stm32f0xx_hal_uart.o

.debug_macro    0x00000000    0x10667
 .debug_macro   0x00000000      0x15d ./Core/Src/bme68x.o
 .debug_macro   0x0000015d      0xaae ./Core/Src/bme68x.o
 .debug_macro   0x00000c0b       0x22 ./Core/Src/bme68x.o
 .debug_macro   0x00000c2d       0x8e ./Core/Src/bme68x.o
 .debug_macro   0x00000cbb       0x51 ./Core/Src/bme68x.o
 .debug_macro   0x00000d0c      0x103 ./Core/Src/bme68x.o
 .debug_macro   0x00000e0f       0x6a ./Core/Src/bme68x.o
 .debug_macro   0x00000e79      0x1df ./Core/Src/bme68x.o
 .debug_macro   0x00001058      0x190 ./Core/Src/bme68x.o
 .debug_macro   0x000011e8      0x483 ./Core/Src/bme68x.o
 .debug_macro   0x0000166b       0x61 ./Core/Src/bme68x.o
 .debug_macro   0x000016cc       0x24 ./Core/Src/bme68x.o
 .debug_macro   0x000016f0       0x43 ./Core/Src/bme68x.o
 .debug_macro   0x00001733       0x34 ./Core/Src/bme68x.o
 .debug_macro   0x00001767       0x16 ./Core/Src/bme68x.o
 .debug_macro   0x0000177d       0x3c ./Core/Src/bme68x.o
 .debug_macro   0x000017b9      0x364 ./Core/Src/bme68x.o
 .debug_macro   0x00001b1d       0x10 ./Core/Src/bme68x.o
 .debug_macro   0x00001b2d       0x16 ./Core/Src/bme68x.o
 .debug_macro   0x00001b43       0x4a ./Core/Src/bme68x.o
 .debug_macro   0x00001b8d       0x34 ./Core/Src/bme68x.o
 .debug_macro   0x00001bc1       0x10 ./Core/Src/bme68x.o
 .debug_macro   0x00001bd1       0x58 ./Core/Src/bme68x.o
 .debug_macro   0x00001c29       0x8e ./Core/Src/bme68x.o
 .debug_macro   0x00001cb7       0x1c ./Core/Src/bme68x.o
 .debug_macro   0x00001cd3      0x17e ./Core/Src/bme68x.o
 .debug_macro   0x00001e51       0x16 ./Core/Src/bme68x.o
 .debug_macro   0x00001e67       0x16 ./Core/Src/bme68x.o
 .debug_macro   0x00001e7d      0x146 ./Core/Src/bme68x.o
 .debug_macro   0x00001fc3      0x1e4 ./Core/Src/bme_interface.o
 .debug_macro   0x000021a7      0x12d ./Core/Src/bme_interface.o
 .debug_macro   0x000022d4       0x2e ./Core/Src/bme_interface.o
 .debug_macro   0x00002302       0x22 ./Core/Src/bme_interface.o
 .debug_macro   0x00002324       0x1c ./Core/Src/bme_interface.o
 .debug_macro   0x00002340       0x22 ./Core/Src/bme_interface.o
 .debug_macro   0x00002362       0xaf ./Core/Src/bme_interface.o
 .debug_macro   0x00002411      0x391 ./Core/Src/bme_interface.o
 .debug_macro   0x000027a2     0x6f47 ./Core/Src/bme_interface.o
 .debug_macro   0x000096e9       0x66 ./Core/Src/bme_interface.o
 .debug_macro   0x0000974f     0x34da ./Core/Src/bme_interface.o
 .debug_macro   0x0000cc29       0x55 ./Core/Src/bme_interface.o
 .debug_macro   0x0000cc7e      0x924 ./Core/Src/bme_interface.o
 .debug_macro   0x0000d5a2      0x17f ./Core/Src/bme_interface.o
 .debug_macro   0x0000d721      0x1ae ./Core/Src/bme_interface.o
 .debug_macro   0x0000d8cf       0xd8 ./Core/Src/bme_interface.o
 .debug_macro   0x0000d9a7      0x1a0 ./Core/Src/bme_interface.o
 .debug_macro   0x0000db47      0x1ed ./Core/Src/bme_interface.o
 .debug_macro   0x0000dd34       0x34 ./Core/Src/bme_interface.o
 .debug_macro   0x0000dd68       0x43 ./Core/Src/bme_interface.o
 .debug_macro   0x0000ddab       0x28 ./Core/Src/bme_interface.o
 .debug_macro   0x0000ddd3       0xb0 ./Core/Src/bme_interface.o
 .debug_macro   0x0000de83      0x199 ./Core/Src/bme_interface.o
 .debug_macro   0x0000e01c      0x22c ./Core/Src/bme_interface.o
 .debug_macro   0x0000e248       0x61 ./Core/Src/bme_interface.o
 .debug_macro   0x0000e2a9       0xa5 ./Core/Src/bme_interface.o
 .debug_macro   0x0000e34e       0x4c ./Core/Src/bme_interface.o
 .debug_macro   0x0000e39a       0x2b ./Core/Src/bme_interface.o
 .debug_macro   0x0000e3c5      0x56d ./Core/Src/bme_interface.o
 .debug_macro   0x0000e932       0x3e ./Core/Src/bme_interface.o
 .debug_macro   0x0000e970       0xff ./Core/Src/bme_interface.o
 .debug_macro   0x0000ea6f      0x1c1 ./Core/Src/gpio.o
 .debug_macro   0x0000ec30      0x1c1 ./Core/Src/i2c.o
 .debug_macro   0x0000edf1      0x2d2 ./Core/Src/main.o
 .debug_macro   0x0000f0c3       0x10 ./Core/Src/main.o
 .debug_macro   0x0000f0d3       0x20 ./Core/Src/main.o
 .debug_macro   0x0000f0f3      0x1b7 ./Core/Src/stm32f0xx_hal_msp.o
 .debug_macro   0x0000f2aa      0x1c1 ./Core/Src/stm32f0xx_it.o
 .debug_macro   0x0000f46b      0x1ad ./Core/Src/system_stm32f0xx.o
 .debug_macro   0x0000f618      0x1c1 ./Core/Src/usart.o
 .debug_macro   0x0000f7d9      0x1d1 ./Drivers/STM32F0xx_HAL_Driver/Src/stm32f0xx_hal.o
 .debug_macro   0x0000f9aa      0x1ad ./Drivers/STM32F0xx_HAL_Driver/Src/stm32f0xx_hal_cortex.o
 .debug_macro   0x0000fb57      0x1b4 ./Drivers/STM32F0xx_HAL_Driver/Src/stm32f0xx_hal_gpio.o
 .debug_macro   0x0000fd0b      0x279 ./Drivers/STM32F0xx_HAL_Driver/Src/stm32f0xx_hal_i2c.o
 .debug_macro   0x0000ff84      0x1ad ./Drivers/STM32F0xx_HAL_Driver/Src/stm32f0xx_hal_i2c_ex.o
 .debug_macro   0x00010131      0x1bf ./Drivers/STM32F0xx_HAL_Driver/Src/stm32f0xx_hal_rcc.o
 .debug_macro   0x000102f0      0x1ad ./Drivers/STM32F0xx_HAL_Driver/Src/stm32f0xx_hal_rcc_ex.o
 .debug_macro   0x0001049d      0x1ca ./Drivers/STM32F0xx_HAL_Driver/Src/stm32f0xx_hal_uart.o

.debug_line     0x00000000     0xf93a
 .debug_line    0x00000000     0x182a ./Core/Src/bme68x.o
 .debug_line    0x0000182a      0x799 ./Core/Src/bme_interface.o
 .debug_line    0x00001fc3      0x732 ./Core/Src/gpio.o
 .debug_line    0x000026f5      0x7be ./Core/Src/i2c.o
 .debug_line    0x00002eb3      0x9cc ./Core/Src/main.o
 .debug_line    0x0000387f      0x735 ./Core/Src/stm32f0xx_hal_msp.o
 .debug_line    0x00003fb4      0x792 ./Core/Src/stm32f0xx_it.o
 .debug_line    0x00004746      0x7a5 ./Core/Src/system_stm32f0xx.o
 .debug_line    0x00004eeb      0x7a9 ./Core/Src/usart.o
 .debug_line    0x00005694       0x7b ./Core/Startup/startup_stm32f030r8tx.o
 .debug_line    0x0000570f      0x9b7 ./Drivers/STM32F0xx_HAL_Driver/Src/stm32f0xx_hal.o
 .debug_line    0x000060c6      0xa5c ./Drivers/STM32F0xx_HAL_Driver/Src/stm32f0xx_hal_cortex.o
 .debug_line    0x00006b22      0xb19 ./Drivers/STM32F0xx_HAL_Driver/Src/stm32f0xx_hal_gpio.o
 .debug_line    0x0000763b     0x375a ./Drivers/STM32F0xx_HAL_Driver/Src/stm32f0xx_hal_i2c.o
 .debug_line    0x0000ad95      0x807 ./Drivers/STM32F0xx_HAL_Driver/Src/stm32f0xx_hal_i2c_ex.o
 .debug_line    0x0000b59c      0xe45 ./Drivers/STM32F0xx_HAL_Driver/Src/stm32f0xx_hal_rcc.o
 .debug_line    0x0000c3e1      0x91c ./Drivers/STM32F0xx_HAL_Driver/Src/stm32f0xx_hal_rcc_ex.o
 .debug_line    0x0000ccfd     0x2c3d ./Drivers/STM32F0xx_HAL_Driver/Src/stm32f0xx_hal_uart.o

.debug_str      0x00000000    0x5f548
 .debug_str     0x00000000    0x5f548 ./Core/Src/bme68x.o
                               0x9456 (size before relaxing)
 .debug_str     0x0005f548    0x59079 ./Core/Src/bme_interface.o
 .debug_str     0x0005f548    0x576dc ./Core/Src/gpio.o
 .debug_str     0x0005f548    0x57ca4 ./Core/Src/i2c.o
 .debug_str     0x0005f548    0x5c702 ./Core/Src/main.o
 .debug_str     0x0005f548    0x576dc ./Core/Src/stm32f0xx_hal_msp.o
 .debug_str     0x0005f548    0x576c4 ./Core/Src/stm32f0xx_it.o
 .debug_str     0x0005f548    0x5773c ./Core/Src/system_stm32f0xx.o
 .debug_str     0x0005f548    0x57c2f ./Core/Src/usart.o
 .debug_str     0x0005f548       0x8b ./Core/Startup/startup_stm32f030r8tx.o
 .debug_str     0x0005f548    0x57cd0 ./Drivers/STM32F0xx_HAL_Driver/Src/stm32f0xx_hal.o
 .debug_str     0x0005f548    0x57ac1 ./Drivers/STM32F0xx_HAL_Driver/Src/stm32f0xx_hal_cortex.o
 .debug_str     0x0005f548    0x578dd ./Drivers/STM32F0xx_HAL_Driver/Src/stm32f0xx_hal_gpio.o
 .debug_str     0x0005f548    0x58a9a ./Drivers/STM32F0xx_HAL_Driver/Src/stm32f0xx_hal_i2c.o
 .debug_str     0x0005f548    0x57c6b ./Drivers/STM32F0xx_HAL_Driver/Src/stm32f0xx_hal_i2c_ex.o
 .debug_str     0x0005f548    0x57b78 ./Drivers/STM32F0xx_HAL_Driver/Src/stm32f0xx_hal_rcc.o
 .debug_str     0x0005f548    0x57885 ./Drivers/STM32F0xx_HAL_Driver/Src/stm32f0xx_hal_rcc_ex.o
 .debug_str     0x0005f548    0x58455 ./Drivers/STM32F0xx_HAL_Driver/Src/stm32f0xx_hal_uart.o

.comment        0x00000000       0x43
 .comment       0x00000000       0x43 ./Core/Src/bme68x.o
                                 0x44 (size before relaxing)
 .comment       0x00000043       0x44 ./Core/Src/bme_interface.o
 .comment       0x00000043       0x44 ./Core/Src/gpio.o
 .comment       0x00000043       0x44 ./Core/Src/i2c.o
 .comment       0x00000043       0x44 ./Core/Src/main.o
 .comment       0x00000043       0x44 ./Core/Src/stm32f0xx_hal_msp.o
 .comment       0x00000043       0x44 ./Core/Src/stm32f0xx_it.o
 .comment       0x00000043       0x44 ./Core/Src/system_stm32f0xx.o
 .comment       0x00000043       0x44 ./Core/Src/usart.o
 .comment       0x00000043       0x44 ./Drivers/STM32F0xx_HAL_Driver/Src/stm32f0xx_hal.o
 .comment       0x00000043       0x44 ./Drivers/STM32F0xx_HAL_Driver/Src/stm32f0xx_hal_cortex.o
 .comment       0x00000043       0x44 ./Drivers/STM32F0xx_HAL_Driver/Src/stm32f0xx_hal_gpio.o
 .comment       0x00000043       0x44 ./Drivers/STM32F0xx_HAL_Driver/Src/stm32f0xx_hal_i2c.o
 .comment       0x00000043       0x44 ./Drivers/STM32F0xx_HAL_Driver/Src/stm32f0xx_hal_i2c_ex.o
 .comment       0x00000043       0x44 ./Drivers/STM32F0xx_HAL_Driver/Src/stm32f0xx_hal_rcc.o
 .comment       0x00000043       0x44 ./Drivers/STM32F0xx_HAL_Driver/Src/stm32f0xx_hal_rcc_ex.o
 .comment       0x00000043       0x44 ./Drivers/STM32F0xx_HAL_Driver/Src/stm32f0xx_hal_uart.o

.debug_frame    0x00000000     0x25a8
 .debug_frame   0x00000000      0x494 ./Core/Src/bme68x.o
 .debug_frame   0x00000494       0x70 ./Core/Src/bme_interface.o
 .debug_frame   0x00000504       0x30 ./Core/Src/gpio.o
 .debug_frame   0x00000534       0x6c ./Core/Src/i2c.o
 .debug_frame   0x000005a0       0x8c ./Core/Src/main.o
 .debug_frame   0x0000062c       0x30 ./Core/Src/stm32f0xx_hal_msp.o
 .debug_frame   0x0000065c       0x9c ./Core/Src/stm32f0xx_it.o
 .debug_frame   0x000006f8       0x4c ./Core/Src/system_stm32f0xx.o
 .debug_frame   0x00000744       0x6c ./Core/Src/usart.o
 .debug_frame   0x000007b0      0x2a4 ./Drivers/STM32F0xx_HAL_Driver/Src/stm32f0xx_hal.o
 .debug_frame   0x00000a54      0x2a0 ./Drivers/STM32F0xx_HAL_Driver/Src/stm32f0xx_hal_cortex.o
 .debug_frame   0x00000cf4      0x110 ./Drivers/STM32F0xx_HAL_Driver/Src/stm32f0xx_hal_gpio.o
 .debug_frame   0x00000e04      0xa68 ./Drivers/STM32F0xx_HAL_Driver/Src/stm32f0xx_hal_i2c.o
 .debug_frame   0x0000186c       0x90 ./Drivers/STM32F0xx_HAL_Driver/Src/stm32f0xx_hal_i2c_ex.o
 .debug_frame   0x000018fc      0x198 ./Drivers/STM32F0xx_HAL_Driver/Src/stm32f0xx_hal_rcc.o
 .debug_frame   0x00001a94       0x70 ./Drivers/STM32F0xx_HAL_Driver/Src/stm32f0xx_hal_rcc_ex.o
 .debug_frame   0x00001b04      0x810 ./Drivers/STM32F0xx_HAL_Driver/Src/stm32f0xx_hal_uart.o
 .debug_frame   0x00002314       0x20 C:/ST/STM32CubeIDE_2.1.1/STM32CubeIDE/plugins/com.st.stm32cube.ide.mcu.externaltools.gnu-tools-for-stm32.14.3.rel1.win32_1.0.100.202602081740/tools/bin/../lib/gcc/arm-none-eabi/14.3.1/../../../../arm-none-eabi/lib/thumb/v6-m/nofp\libc_nano.a(libc_a-memset.o)
 .debug_frame   0x00002334       0x2c C:/ST/STM32CubeIDE_2.1.1/STM32CubeIDE/plugins/com.st.stm32cube.ide.mcu.externaltools.gnu-tools-for-stm32.14.3.rel1.win32_1.0.100.202602081740/tools/bin/../lib/gcc/arm-none-eabi/14.3.1/../../../../arm-none-eabi/lib/thumb/v6-m/nofp\libc_nano.a(libc_a-init.o)
 .debug_frame   0x00002360       0x28 C:/ST/STM32CubeIDE_2.1.1/STM32CubeIDE/plugins/com.st.stm32cube.ide.mcu.externaltools.gnu-tools-for-stm32.14.3.rel1.win32_1.0.100.202602081740/tools/bin/../lib/gcc/arm-none-eabi/14.3.1/../../../../arm-none-eabi/lib/thumb/v6-m/nofp\libc_nano.a(libc_a-memcpy-stub.o)
 .debug_frame   0x00002388       0x20 C:/ST/STM32CubeIDE_2.1.1/STM32CubeIDE/plugins/com.st.stm32cube.ide.mcu.externaltools.gnu-tools-for-stm32.14.3.rel1.win32_1.0.100.202602081740/tools/bin/../lib/gcc/arm-none-eabi/14.3.1/thumb/v6-m/nofp\libgcc.a(_udivsi3.o)
 .debug_frame   0x000023a8       0x28 C:/ST/STM32CubeIDE_2.1.1/STM32CubeIDE/plugins/com.st.stm32cube.ide.mcu.externaltools.gnu-tools-for-stm32.14.3.rel1.win32_1.0.100.202602081740/tools/bin/../lib/gcc/arm-none-eabi/14.3.1/thumb/v6-m/nofp\libgcc.a(_fixunssfsi.o)
 .debug_frame   0x000023d0       0x38 C:/ST/STM32CubeIDE_2.1.1/STM32CubeIDE/plugins/com.st.stm32cube.ide.mcu.externaltools.gnu-tools-for-stm32.14.3.rel1.win32_1.0.100.202602081740/tools/bin/../lib/gcc/arm-none-eabi/14.3.1/thumb/v6-m/nofp\libgcc.a(addsf3.o)
 .debug_frame   0x00002408       0x38 C:/ST/STM32CubeIDE_2.1.1/STM32CubeIDE/plugins/com.st.stm32cube.ide.mcu.externaltools.gnu-tools-for-stm32.14.3.rel1.win32_1.0.100.202602081740/tools/bin/../lib/gcc/arm-none-eabi/14.3.1/thumb/v6-m/nofp\libgcc.a(divsf3.o)
 .debug_frame   0x00002440       0x2c C:/ST/STM32CubeIDE_2.1.1/STM32CubeIDE/plugins/com.st.stm32cube.ide.mcu.externaltools.gnu-tools-for-stm32.14.3.rel1.win32_1.0.100.202602081740/tools/bin/../lib/gcc/arm-none-eabi/14.3.1/thumb/v6-m/nofp\libgcc.a(eqsf2.o)
 .debug_frame   0x0000246c       0x2c C:/ST/STM32CubeIDE_2.1.1/STM32CubeIDE/plugins/com.st.stm32cube.ide.mcu.externaltools.gnu-tools-for-stm32.14.3.rel1.win32_1.0.100.202602081740/tools/bin/../lib/gcc/arm-none-eabi/14.3.1/thumb/v6-m/nofp\libgcc.a(gesf2.o)
 .debug_frame   0x00002498       0x2c C:/ST/STM32CubeIDE_2.1.1/STM32CubeIDE/plugins/com.st.stm32cube.ide.mcu.externaltools.gnu-tools-for-stm32.14.3.rel1.win32_1.0.100.202602081740/tools/bin/../lib/gcc/arm-none-eabi/14.3.1/thumb/v6-m/nofp\libgcc.a(lesf2.o)
 .debug_frame   0x000024c4       0x38 C:/ST/STM32CubeIDE_2.1.1/STM32CubeIDE/plugins/com.st.stm32cube.ide.mcu.externaltools.gnu-tools-for-stm32.14.3.rel1.win32_1.0.100.202602081740/tools/bin/../lib/gcc/arm-none-eabi/14.3.1/thumb/v6-m/nofp\libgcc.a(mulsf3.o)
 .debug_frame   0x000024fc       0x38 C:/ST/STM32CubeIDE_2.1.1/STM32CubeIDE/plugins/com.st.stm32cube.ide.mcu.externaltools.gnu-tools-for-stm32.14.3.rel1.win32_1.0.100.202602081740/tools/bin/../lib/gcc/arm-none-eabi/14.3.1/thumb/v6-m/nofp\libgcc.a(subsf3.o)
 .debug_frame   0x00002534       0x20 C:/ST/STM32CubeIDE_2.1.1/STM32CubeIDE/plugins/com.st.stm32cube.ide.mcu.externaltools.gnu-tools-for-stm32.14.3.rel1.win32_1.0.100.202602081740/tools/bin/../lib/gcc/arm-none-eabi/14.3.1/thumb/v6-m/nofp\libgcc.a(fixsfsi.o)
 .debug_frame   0x00002554       0x2c C:/ST/STM32CubeIDE_2.1.1/STM32CubeIDE/plugins/com.st.stm32cube.ide.mcu.externaltools.gnu-tools-for-stm32.14.3.rel1.win32_1.0.100.202602081740/tools/bin/../lib/gcc/arm-none-eabi/14.3.1/thumb/v6-m/nofp\libgcc.a(floatsisf.o)
 .debug_frame   0x00002580       0x28 C:/ST/STM32CubeIDE_2.1.1/STM32CubeIDE/plugins/com.st.stm32cube.ide.mcu.externaltools.gnu-tools-for-stm32.14.3.rel1.win32_1.0.100.202602081740/tools/bin/../lib/gcc/arm-none-eabi/14.3.1/thumb/v6-m/nofp\libgcc.a(floatunsisf.o)

.debug_line_str
                0x00000000       0x6f
 .debug_line_str
                0x00000000       0x6f ./Core/Startup/startup_stm32f030r8tx.o
